// Jest Snapshot v1, https://goo.gl/fbAQLP

exports[`GifItem testSuit Debe de hacer mach con el snapshot 1`] = `
<div>
  <div
    class="card"
  >
    <img
      alt="Test title"
      src="http://www.google/"
    />
    <p>
      Test title
    </p>
  </div>
</div>
`;
